cargo :    Compiling ask-myself-desktop v0.1.0 
(D:\coder\self-reply\apps\desktop\src-tauri)
所在位置 行:1 字符: 1
+ cargo test --workspace *>&1 > d:\coder\self-reply\test-output.txt 2>& ...
+ ~~~~~~~~~~~~~~~~~~~~~~~~~~~~~~~~~~~~~~~~~~~~~~~~~~~~~~~~~~~~~~~~~~~~~
    + CategoryInfo          : NotSpecified: (   Compiling as...ktop\src-tauri) 
   :String) [], RemoteException
    + FullyQualifiedErrorId : NativeCommandError
 
    Finished `test` profile [unoptimized + debuginfo] target(s) in 2.58s
     Running unittests src\lib.rs 
(target\debug\deps\ask_core-4e8d5cf5606cd93e.exe)

running 160 tests
test embed::tests::test_build_from_empty_corpus ... ok
test embed::tests::test_cosine_similarity_zero_vector ... ok
test embed::tests::test_build_from_corpus ... ok
test embed::tests::test_cosine_similarity_opposite ... ok
test embed::tests::test_cosine_similarity_orthogonal ... ok
test embed::tests::test_cosine_similarity_identical ... ok
test embed::tests::test_cosine_similar_documents ... ok
test embed::tests::test_embed_empty_text ... ok
test embed::tests::test_embed_batch ... ok
test embed::tests::test_embed_produces_normalized_vector ... ok
test embed::tests::test_from_vocabulary_roundtrip ... ok
test embed::tests::test_onnx_cosine_similarity ... ignored
test embed::tests::test_onnx_embed_batch ... ignored
test embed::tests::test_onnx_embed_dimensions ... ignored
test db::tests::test_sources_crud ... ok
test db::tests::test_query_logs_insert ... ok
test db::tests::test_cascade_delete_document ... ok
test db::tests::test_database_new_memory ... ok
test embed::tests::test_tokenize_basic_english ... ok
test embed::tests::test_tokenize_cjk_characters ... ok
test embed::tests::test_tokenize_mixed_punctuation ... ok
test embed::tests::test_tokenize_removes_short_tokens ... ok
test embed::tests::test_vector_blob_empty ... ok
test embed::tests::test_vector_blob_roundtrip ... ok
test embed::tests::test_load_embedder_state_not_found ... ok
test feedback::tests::test_apply_feedback_boost ... ok
test embed::tests::test_batch_store_embeddings ... ok
test db::tests::test_playbook_citations_crud ... ok
test db::tests::test_fts5_auto_sync_on_update ... ok
test embed::tests::test_save_and_load_embedder_state ... ok
test embed::tests::test_get_embedding_not_found ... ok
test embed::tests::test_get_embeddings_batched ... ok
test db::tests::test_playbooks_crud ... ok
test db::tests::test_cascade_delete_source ... ok
test embed::tests::test_delete_embeddings_for_document ... ok
test db::tests::test_chunks_crud ... ok
test embed::tests::test_get_all_embeddings ... ok
test db::tests::test_fts5_auto_sync_on_delete ... ok
test db::tests::test_documents_crud ... ok
test db::tests::test_fts5_insert_and_search ... ok
test embed::tests::test_save_embedder_state_upsert ... ok
test embed::tests::test_store_embedding_upsert ... ok
test embed::tests::test_store_and_get_embedding ... ok
test feedback::tests::test_add_and_get_feedback ... ok
test index::tests::stats_empty_db ... ok
test ingest::tests::test_document_crud_via_db ... ok
test feedback::tests::test_delete_feedback ... ok
test index::tests::rebuild_fts_index_succeeds ... ok
test feedback::tests::test_feedback_scores ... ok
test db::tests::test_database_migrations_idempotent ... ok
test index::tests::integrity_check_passes ... ok
test parse::tests::test_content_hash_deterministic ... ok
test parse::tests::test_detect_mime_log ... ok
test feedback::tests::test_multiple_chunks_aggregate ... ok
test parse::tests::test_detect_mime_markdown ... ok
test parse::tests::test_detect_mime_plaintext ... ok
test parse::tests::test_detect_mime_unknown ... ok
test parse::tests::test_markdown_heading_chunks ... ok
test parse::tests::test_markdown_large_section_split ... ok
test index::tests::optimize_fts_index_succeeds ... ok
test index::tests::stats_after_ingest ... ok
test parse::tests::test_markdown_skips_tiny_chunks ... ok
test parse::tests::test_parse_file_not_found ... ok
test parse::tests::test_plaintext_large_paragraph_split ... ok
test parse::tests::test_plaintext_paragraphs ... ok
test parse::tests::test_plaintext_skips_small ... ok
test parse::tests::test_content_hash_differs ... ok
test parse::tests::test_parse_file_md ... ok
test parse::tests::test_parse_file_txt ... ok
test ingest::tests::test_glob_exclude_filter ... ok
test ingest::tests::test_glob_include_filter ... ok
test ingest::tests::test_ingested_chunks_are_fts_searchable ... ok
test ingest::tests::test_scan_missing_path ... ok
test ingest::tests::test_incremental_scan_skips_unchanged ... ok
test ingest::tests::test_incremental_scan_detects_changes ... ok
test migrations::tests::test_migrations_idempotent ... ok
test playbook::tests::test_delete_playbook_not_found ... ok
test playbook::tests::test_get_recent_queries_empty ... ok
test migrations::tests::test_migrations_run_successfully ... ok
test playbook::tests::test_get_playbook_not_found ... ok
test playbook::tests::test_create_and_get_playbook ... ok
test playbook::tests::test_add_and_list_citations ... ok
test playbook::tests::test_delete_playbook ... ok
test playbook::tests::test_delete_playbook_cascades_citations ... ok
test privacy::tests::test_default_exclude_patterns ... ok
test privacy::tests::test_default_exclude_patterns_valid_globs ... ok
test playbook::tests::test_get_recent_queries_respects_limit ... ok
test privacy::tests::test_invalid_custom_rule_ignored ... ok
test playbook::tests::test_list_playbooks_ordered ... ok
test privacy::tests::test_custom_redact_rule ... ok
test playbook::tests::test_log_and_get_recent_queries ... ok
test playbook::tests::test_remove_citation ... ok
test playbook::tests::test_remove_citation_not_found ... ok
test playbook::tests::test_playbook_full_lifecycle ... ok
test privacy::tests::test_redact_api_key_equals ... ok
test privacy::tests::test_redact_ipv4 ... ok
test privacy::tests::test_redact_email ... ok
test playbook::tests::test_reorder_citations ... ok
test playbook::tests::test_update_citation_note_not_found ... ok
test playbook::tests::test_update_citation_note ... ok
test search::tests::test_build_fts_query_basic ... ok
test playbook::tests::test_update_playbook ... ok
test search::tests::test_build_fts_query_prefix ... ok
test playbook::tests::test_update_playbook_not_found ... ok
test search::tests::test_build_fts_query_special_chars ... ok
test search::tests::test_extract_source_name ... ok
test search::tests::test_highlight_case_insensitive ... ok
test search::tests::test_highlight_generation ... ok
test search::tests::test_highlight_multiple_terms ... ok
test privacy::tests::test_redact_multiple_emails ... ok
test privacy::tests::test_redact_mixed_content ... ok
test privacy::tests::test_redact_token_colon ... ok
test privacy::tests::test_redact_secret_quoted ... ok
test privacy::tests::test_load_default_when_no_config_saved ... ok
test search::tests::test_rrf_merge_basic ... ok
test search::tests::test_rrf_merge_disjoint ... ok
test search::tests::test_rrf_merge_empty_inputs ... ok
test privacy::tests::test_redact_multiple_ips ... ok
test privacy::tests::test_short_value_not_redacted ... ok
test privacy::tests::test_save_overwrites_existing ... ok
test privacy::tests::test_save_and_load_privacy_config ... ok
test search::tests::test_hybrid_search_empty_query ... ok
test search::tests::test_hybrid_search_fallback_no_embeddings ... ok
test search::tests::test_basic_fts_search ... ok
test search::tests::test_get_evidence_card_not_found ... ok
test search::tests::test_search_empty_query ... ok
test search::tests::test_get_evidence_card ... ok
test search::tests::test_search_filter_by_file_type ... ok
test search::tests::test_search_filter_by_source_id ... ok
test search::tests::test_hybrid_search_includes_both_sources ... ok
test search::tests::test_hybrid_search_with_embeddings ... ok
test search::tests::test_search_lone_star_does_not_crash ... ok
test ingest::tests::test_batch_insert_documents ... ok
test search::tests::test_search_no_results ... ok
test search::tests::test_search_multiple_results ... ok
test search::tests::test_search_time_recorded ... ok
test search::tests::test_vector_search_top_k_empty ... ok
test search::tests::test_vector_search_no_embedder_state ... ok
test search::tests::test_vector_search_top_k_zero_k ... ok
test search::tests::test_search_result_has_highlights ... ok
test sources::tests::test_add_source_duplicate_path ... ok
test sources::tests::test_add_source_invalid_glob ... ok
test search::tests::test_vector_search_top_k_basic ... ok
test search::tests::test_search_with_limit ... ok
test sources::tests::test_add_source_invalid_path ... ok
test sources::tests::test_add_source_not_a_directory ... ok
test sources::tests::test_add_source_success ... ok
test sources::tests::test_get_source ... ok
test sources::tests::test_delete_source ... ok
test sources::tests::test_get_source_not_found ... ok
test sources::tests::test_list_sources_empty ... ok
test sources::tests::test_update_source ... ok
test sources::tests::test_source_exists_for_path ... ok
test sources::tests::test_list_sources_multiple ... ok
test ingest::tests::test_scan_sample_vault ... ok
test ingest::tests::test_scan_source_prefetch_many_files ... ok
test ingest::tests::test_incremental_embedding ... FAILED
test ingest::tests::test_embed_source_after_scan ... FAILED
test ingest::tests::test_rebuild_embeddings_clears_and_reembeds ... FAILED
test ingest::tests::test_all_chunks_get_embeddings ... FAILED

failures:

---- ingest::tests::test_incremental_embedding stdout ----

thread 'ingest::tests::test_incremental_embedding' (12204) panicked at crates\core\src\ingest.rs:1035:42:
called `Result::unwrap()` on an `Err` value: Embedding("read model.onnx: error decoding response body")
note: run with `RUST_BACKTRACE=1` environment variable to display a backtrace

---- ingest::tests::test_embed_source_after_scan stdout ----

thread 'ingest::tests::test_embed_source_after_scan' (30600) panicked at crates\core\src\ingest.rs:954:45:
called `Result::unwrap()` on an `Err` value: Embedding("read model.onnx: error decoding response body")

---- ingest::tests::test_rebuild_embeddings_clears_and_reembeds stdout ----

thread 'ingest::tests::test_rebuild_embeddings_clears_and_reembeds' (33164) panicked at crates\core\src\ingest.rs:1007:42:
called `Result::unwrap()` on an `Err` value: Embedding("read model.onnx: error decoding response body")

---- ingest::tests::test_all_chunks_get_embeddings stdout ----

thread 'ingest::tests::test_all_chunks_get_embeddings' (34636) panicked at crates\core\src\ingest.rs:980:45:
called `Result::unwrap()` on an `Err` value: Embedding("read model.onnx: error decoding response body")


failures:
    ingest::tests::test_all_chunks_get_embeddings
    ingest::tests::test_embed_source_after_scan
    ingest::tests::test_incremental_embedding
    ingest::tests::test_rebuild_embeddings_clears_and_reembeds

test result: FAILED. 153 passed; 4 failed; 3 ignored; 0 measured; 0 filtered out; finished in 32.74s

error: test failed, to rerun pass `-p ask-core --lib`
EXIT: 101
